// Jest Snapshot v1, https://goo.gl/fbAQLP

exports[`Renders message list with default props should render a message list when given props 1`] = `
<List
  celled={true}
  className="scrolling"
  size="small"
/>
`;
