// Jest Snapshot v1, https://goo.gl/fbAQLP

exports[`Renders toolbar with default props should render 1`] = `<Connect(Toolbar) />`;
